#! /c/Source/iverilog-install/bin/vvp
:ivl_version "14.0 (devel)";
:ivl_delay_selection "TYPICAL";
:vpi_time_precision + 0;
:vpi_module "C:\iverilog\lib\ivl\system.vpi";
:vpi_module "C:\iverilog\lib\ivl\vhdl_sys.vpi";
:vpi_module "C:\iverilog\lib\ivl\vhdl_textio.vpi";
:vpi_module "C:\iverilog\lib\ivl\v2005_math.vpi";
:vpi_module "C:\iverilog\lib\ivl\va_math.vpi";
S_00000179E8CA24B0 .scope module, "dffreset_tb" "dffreset_tb" 2 1;
 .timescale 0 0;
v00000179E8CB91D0_0 .var "clk", 0 0;
v00000179E8CB93B0_0 .var "in", 0 0;
v00000179E8CB94F0_0 .net "out", 0 0, v00000179E8CB9090_0;  1 drivers
v00000179E8CB8E10_0 .var "reset", 0 0;
S_00000179E8CA27D0 .scope module, "uut" "dffreset" 2 6, 3 1 0, S_00000179E8CA24B0;
 .timescale 0 0;
    .port_info 0 /INPUT 1 "in";
    .port_info 1 /INPUT 1 "reset";
    .port_info 2 /INPUT 1 "clk";
    .port_info 3 /OUTPUT 1 "out";
L_00000179E8CA1F90 .functor NOT 1, v00000179E8CB8E10_0, C4<0>, C4<0>, C4<0>;
L_00000179E8CA1EB0 .functor AND 1, v00000179E8CB93B0_0, L_00000179E8CA1F90, C4<1>, C4<1>;
v00000179E8CB8D70_0 .net *"_ivl_0", 0 0, L_00000179E8CA1F90;  1 drivers
v00000179E8CB8CD0_0 .net "clk", 0 0, v00000179E8CB91D0_0;  1 drivers
v00000179E8CB9130_0 .net "df_in", 0 0, L_00000179E8CA1EB0;  1 drivers
v00000179E8CB9270_0 .net "in", 0 0, v00000179E8CB93B0_0;  1 drivers
v00000179E8CB9090_0 .var "out", 0 0;
v00000179E8CB8A50_0 .net "reset", 0 0, v00000179E8CB8E10_0;  1 drivers
E_00000179E8CA4850 .event posedge, v00000179E8CB8CD0_0;
    .scope S_00000179E8CA27D0;
T_0 ;
    %wait E_00000179E8CA4850;
    %load/vec4 v00000179E8CB9130_0;
    %assign/vec4 v00000179E8CB9090_0, 0;
    %jmp T_0;
    .thread T_0;
    .scope S_00000179E8CA24B0;
T_1 ;
    %delay 5, 0;
    %load/vec4 v00000179E8CB91D0_0;
    %inv;
    %store/vec4 v00000179E8CB91D0_0, 0, 1;
    %jmp T_1;
    .thread T_1;
    .scope S_00000179E8CA24B0;
T_2 ;
    %vpi_call 2 18 "$dumpfile", "dff_test.vcd" {0 0 0};
    %vpi_call 2 19 "$dumpvars", 32'sb00000000000000000000000000000000, S_00000179E8CA24B0 {0 0 0};
    %pushi/vec4 0, 0, 1;
    %store/vec4 v00000179E8CB91D0_0, 0, 1;
    %pushi/vec4 1, 0, 1;
    %store/vec4 v00000179E8CB8E10_0, 0, 1;
    %pushi/vec4 1, 0, 1;
    %store/vec4 v00000179E8CB93B0_0, 0, 1;
    %delay 10, 0;
    %pushi/vec4 1, 0, 1;
    %store/vec4 v00000179E8CB8E10_0, 0, 1;
    %pushi/vec4 0, 0, 1;
    %store/vec4 v00000179E8CB93B0_0, 0, 1;
    %delay 10, 0;
    %pushi/vec4 0, 0, 1;
    %store/vec4 v00000179E8CB8E10_0, 0, 1;
    %pushi/vec4 1, 0, 1;
    %store/vec4 v00000179E8CB93B0_0, 0, 1;
    %delay 10, 0;
    %pushi/vec4 0, 0, 1;
    %store/vec4 v00000179E8CB8E10_0, 0, 1;
    %pushi/vec4 0, 0, 1;
    %store/vec4 v00000179E8CB93B0_0, 0, 1;
    %delay 10, 0;
    %pushi/vec4 0, 0, 1;
    %store/vec4 v00000179E8CB8E10_0, 0, 1;
    %pushi/vec4 1, 0, 1;
    %store/vec4 v00000179E8CB93B0_0, 0, 1;
    %delay 10, 0;
    %vpi_call 2 30 "$finish" {0 0 0};
    %end;
    .thread T_2;
    .scope S_00000179E8CA24B0;
T_3 ;
    %vpi_call 2 35 "$monitor", "%0t clk=%b, reset=%b, in=%b, out=%b", $time, v00000179E8CB91D0_0, v00000179E8CB8E10_0, v00000179E8CB93B0_0, v00000179E8CB94F0_0 {0 0 0};
    %end;
    .thread T_3;
# The file index is used to find the file name in the following table.
:file_names 4;
    "N/A";
    "<interactive>";
    "dffreset_tb.v";
    "dffreset.v";
